// Jest Snapshot v1, https://goo.gl/fbAQLP

exports[`Test SuperiorHeader Component 1`] = `
<div
  className="ui fixed menu"
>
  <Link
    replace={false}
    to="/"
  >
    <div
      className="active item"
    >
      Current Weather
    </div>
  </Link>
  <Link
    replace={false}
    to="/forecast"
  >
    <div
      className=" item"
    >
      Forecast
    </div>
  </Link>
</div>
`;
